Microchip MPLAB XC8 Compiler V2.45

Linker command line:

-W-3 \
  --edf=C:\Program Files\Microchip\xc8\v2.45\pic\dat\20230818022343_en.msgs \
  -cn -h+dist/default/production\car_blackbox.X.production.sym \
  --cmf=dist/default/production\car_blackbox.X.production.cmf -z -Q18F4580 \
  -oC:\Users\Lenovo\AppData\Local\Temp\xcAsej0.\driver_tmp_3.o \
  --defsym=__MPLAB_BUILD=1 --fixupoverflow=error \
  -Mdist/default/production/car_blackbox.X.production.map \
  --md=C:\Users\Lenovo\AppData\Local\Temp\xcAsej0.\driver_tmp_0.dat -E1 \
  -ver=XC8 Compiler --acfsm=1493 -ACODE=00h-03000h -ACONST=00h-03000h \
  -ASMALLCONST=0600h-06FFhx42,03000h-03000h -AMEDIUMCONST=0600h-03000h \
  -ACOMRAM=01h-05Fh -AABS1=00h-05FFh -ABIGRAM=01h-05FFh \
  -ARAM=060h-0FFh,0100h-01FFhx5 -ABANK0=060h-0FFh -ABANK1=0100h-01FFh \
  -ABANK2=0200h-02FFh -ABANK3=0300h-03FFh -ABANK4=0400h-04FFh \
  -ABANK5=0500h-05FFh -ASFR=0D00h-0DFFhx2,0F00h-0F5Fh,0F60h-0FFFh \
  -ABIGSFR=0D00h-0FFFh -ACONFIG=0300000h-030000Dh -AIDLOC=0200000h-0200007h \
  -AEEDATA=0F00000h-0F000FFh -peeprom_data=EEDATA \
  -preset_vec=00h,intcode=08h,intcodelo,powerup,init -pramtop=0600h \
  -psmallconst=SMALLCONST -pmediumconst=MEDIUMCONST -pconst=CONST \
  -AFARRAM=00h-00h \
  -prdata=COMRAM,nvrram=COMRAM,nvbit=COMRAM,rbss=COMRAM,rbit=COMRAM \
  -pfarbss=FARRAM,fardata=FARRAM,nvFARRAM=FARRAM \
  -pintsave_regs=BIGRAM,bigbss=BIGRAM,bigdata=BIGRAM -pbss=RAM \
  -pidata=CODE,irdata=CODE,ibigdata=CODE,ifardata=CODE -prparam=COMRAM \
  C:\Users\Lenovo\AppData\Local\Temp\xcAsej0.\driver_tmp_9.o \
  dist/default/production\car_blackbox.X.production.o 

Object code version is 3.11

Machine type is 18F4580



                Name                               Link     Load   Length Selector   Space Scale
C:\Users\Lenovo\AppData\Local\Temp\xcAsej0.\driver_tmp_9.o
                idloc                            200000   200000        8        0       5
                config                           300000   300000        E        0       4
                init                                  E        E        4        4       0
                reset_vec                             0        0        4        0       0
dist/default/production\car_blackbox.X.production.o
                intcode                               8        8        6        4       0
                idloc                            200000   200000        8        0       5
                config                           300000   300000        E        0       4
                temp                                 5F       5F        1        1       1
                mediumconst                        2F4A     2F4A       B6     17A5       0
                intcode_body                       1BB0     1BB0       46      D91       0
                text47                             1C32     1C32       3A      E19       0
                text46                             1940     1940       6C        4       0
                text45                             1D9C     1D9C       1C      E19       0
                text44                             1D80     1D80       1C      E19       0
                text43                               12       12      39A        4       0
                text42                             12BC     12BC      106        4       0
                text41                             18CC     18CC       74        4       0
                text40                             19AC     19AC       64        4       0
                text39                              B76      B76      1B4        4       0
                text38                             1E84     1E84        6      E19       0
                text37                             1E3A     1E3A       12      E19       0
                text36                             1E7C     1E7C        8      E19       0
                text35                             1E58     1E58        C      E19       0
                text34                             1E74     1E74        8      E19       0
                text33                             1E6C     1E6C        8      E19       0
                text32                             1E64     1E64        8      E19       0
                text31                             1E4C     1E4C        C      E19       0
                text30                             1CFC     1CFC       2A      E19       0
                text29                             17D2     17D2       84        4       0
                text28                             1B6A     1B6A       46      D91       0
                text27                             13C2     13C2       DE        4       0
                text26                             1DD2     1DD2       18      E19       0
                text25                             11B4     11B4      108        4       0
                text24                             1856     1856       76        4       0
                text23                              6E4      6E4      268        4       0
                text22                             14A0     14A0       C4        4       0
                text21                             1564     1564       B0        4       0
                text20                             1E00     1E00       16      E19       0
                text19                             1A6E     1A6E       5E        4       0
                text18                             1E28     1E28       12      E19       0
                text17                              94C      94C      22A        4       0
                text16                             1614     1614       A2        4       0
                text15                             1A10     1A10       5E        4       0
                text14                             1CA2     1CA2       30      E19       0
                text13                              3AC      3AC      338        4       0
                text12                             1D26     1D26       20      E19       0
                text11                             1C6C     1C6C       36      E19       0
                text10                             1D46     1D46       1E      E19       0
                text9                              1B22     1B22       48      D91       0
                text8                              1DEA     1DEA       16      E19       0
                text7                              1E16     1E16       12      E19       0
                text6                              1CD2     1CD2       2A      E19       0
                text5                              1DB8     1DB8       1A      E19       0
                text4                              1D64     1D64       1C      E19       0
                text3                              16B6     16B6       96        4       0
                text2                               ECE      ECE      19E        4       0
                text1                              106C     106C      148        4       0
                text0                               D2A      D2A      1A4        4       0
                cstackCOMRAM                          1        1       3E        1       1
                dataBANK1                           100      100       55      100       1
                dataBANK0                            60       60       3B       60       1
                bssBANK0                             9B       9B       1A       60       1
                dataCOMRAM                           5A       5A        5        1       1
                bssCOMRAM                            3F       3F       1B        1       1
                cinit                              174C     174C       86        4       0
                idataBANK1                         1ACC     1ACC       55        4       0
                idataBANK0                         1BF6     1BF6       3B      D91       0
                idataCOMRAM                        1E8A     1E8A        5      E19       0

TOTAL           Name                               Link     Load   Length     Space
        CLASS   CODE           
                intcode                               8        8        6         0
                init                                  E        E        4         0
                reset_vec                             0        0        4         0
                intcode_body                       1BB0     1BB0       46         0
                text47                             1C32     1C32       3A         0
                text46                             1940     1940       6C         0
                text45                             1D9C     1D9C       1C         0
                text44                             1D80     1D80       1C         0
                text43                               12       12      39A         0
                text42                             12BC     12BC      106         0
                text41                             18CC     18CC       74         0
                text40                             19AC     19AC       64         0
                text39                              B76      B76      1B4         0
                text38                             1E84     1E84        6         0
                text37                             1E3A     1E3A       12         0
                text36                             1E7C     1E7C        8         0
                text35                             1E58     1E58        C         0
                text34                             1E74     1E74        8         0
                text33                             1E6C     1E6C        8         0
                text32                             1E64     1E64        8         0
                text31                             1E4C     1E4C        C         0
                text30                             1CFC     1CFC       2A         0
                text29                             17D2     17D2       84         0
                text28                             1B6A     1B6A       46         0
                text27                             13C2     13C2       DE         0
                text26                             1DD2     1DD2       18         0
                text25                             11B4     11B4      108         0
                text24                             1856     1856       76         0
                text23                              6E4      6E4      268         0
                text22                             14A0     14A0       C4         0
                text21                             1564     1564       B0         0
                text20                             1E00     1E00       16         0
                text19                             1A6E     1A6E       5E         0
                text18                             1E28     1E28       12         0
                text17                              94C      94C      22A         0
                text16                             1614     1614       A2         0
                text15                             1A10     1A10       5E         0
                text14                             1CA2     1CA2       30         0
                text13                              3AC      3AC      338         0
                text12                             1D26     1D26       20         0
                text11                             1C6C     1C6C       36         0
                text10                             1D46     1D46       1E         0
                text9                              1B22     1B22       48         0
                text8                              1DEA     1DEA       16         0
                text7                              1E16     1E16       12         0
                text6                              1CD2     1CD2       2A         0
                text5                              1DB8     1DB8       1A         0
                text4                              1D64     1D64       1C         0
                text3                              16B6     16B6       96         0
                text2                               ECE      ECE      19E         0
                text1                              106C     106C      148         0
                text0                               D2A      D2A      1A4         0
                cinit                              174C     174C       86         0
                idataBANK1                         1ACC     1ACC       55         0
                idataBANK0                         1BF6     1BF6       3B         0
                idataCOMRAM                        1E8A     1E8A        5         0

        CLASS   CONST          

        CLASS   SMALLCONST     

        CLASS   MEDIUMCONST    
                mediumconst                        2F4A     2F4A       B6         0

        CLASS   COMRAM         
                temp                                 5F       5F        1         1
                cstackCOMRAM                          1        1       3E         1
                dataCOMRAM                           5A       5A        5         1
                bssCOMRAM                            3F       3F       1B         1

        CLASS   ABS1           

        CLASS   BIGRAM         

        CLASS   RAM            

        CLASS   BANK0          
                dataBANK0                            60       60       3B         1
                bssBANK0                             9B       9B       1A         1

        CLASS   BANK1          
                dataBANK1                           100      100       55         1

        CLASS   BANK2          

        CLASS   BANK3          

        CLASS   BANK4          

        CLASS   BANK5          

        CLASS   SFR            

        CLASS   BIGSFR         

        CLASS   CONFIG         
                config                           300000   300000        E         4

        CLASS   IDLOC          
                idloc                            200000   200000        8         5

        CLASS   EEDATA         

        CLASS   FARRAM         

        CLASS   HEAP           

        CLASS   STACK          



SEGMENTS        Name                           Load    Length   Top    Selector   Space  Class

                reset_vec                      000000  000004  000004         0       0  CODE    
                cstackCOMRAM                   000001  00005F  000060         1       1  COMRAM  
                intcode                        000008  001B19  001B21         4       0  CODE    
                dataBANK0                      000060  000055  0000B5        60       1  BANK0   
                dataBANK1                      000100  000055  000155       100       1  BANK1   
                text9                          001B22  00010F  001C31       D91       0  CODE    
                text47                         001C32  00025D  001E8F       E19       0  CODE    
                mediumconst                    002F4A  0000B6  003000      17A5       0  MEDIUMCO


UNUSED ADDRESS RANGES

        Name                Unused          Largest block    Delta
        BANK0            0000B5-0000FF               4B
        BANK1            000155-0001FF               AB
        BANK2            000200-0002FF              100
        BANK3            000300-0003FF              100
        BANK4            000400-0004FF              100
        BANK5            000500-0005FF              100
        BIGRAM           0000B5-0000FF               4B
                         000155-0005FF              4AB
        BIGSFR           000D00-000FFF              300
        CODE             000004-000007                4
                         001B21-001B21                1
                         001C31-001C31                1
                         001E8F-002F49             10BB
                         003000-003000                1
        CONST            000004-000007                4
                         001B21-001B21                1
                         001C31-001C31                1
                         001E8F-002F49             10BB
                         003000-003000                1
        EEDATA           F00000-F000FF              100
        MEDIUMCONST      001B21-001B21                1
                         001C31-001C31                1
                         001E8F-002F49             10BB
                         003000-003000                1
        RAM              0000B5-0000FF               4B
                         000155-0005FF              100
        SFR              000D00-000FFF              100
        SMALLCONST       001B21-001B21                1
                         001C31-001C31                1
                         001E8F-002F49              100
                         003000-003000                1

                                  Symbol Table

?___awdiv                      cstackCOMRAM 000002
?___awmod                      cstackCOMRAM 000002
?___fldiv                      cstackCOMRAM 000016
?___fltol                      cstackCOMRAM 00002F
?___lwdiv                      cstackCOMRAM 000001
?___lwmod                      cstackCOMRAM 000008
?___xxtofl                     cstackCOMRAM 000008
?_read_adc                     cstackCOMRAM 000001
?_strcmp                       cstackCOMRAM 000001
_ABDEN                         (abs)        007DC0
_ABDOVF                        (abs)        007DC7
_ACKDT                         (abs)        007E2D
_ACKEN                         (abs)        007E2C
_ACKSTAT                       (abs)        007E2E
_ACQT0                         (abs)        007E03
_ACQT1                         (abs)        007E04
_ACQT2                         (abs)        007E05
_ADCON0                        (abs)        000FC2
_ADCON1                        (abs)        000FC1
_ADCS0                         (abs)        007E00
_ADCS1                         (abs)        007E01
_ADCS2                         (abs)        007E02
_ADFM                          (abs)        007E07
_ADON                          (abs)        007E10
_ADRESH                        (abs)        000FC4
_ADRESL                        (abs)        000FC3
_BCLIF                         (abs)        007D0B
_BRG16                         (abs)        007DC3
_BRGH                          (abs)        007D62
_CKE                           (abs)        007E3E
_CREN                          (abs)        007D5C
_EEADR                         (abs)        000FA9
_EECON1bits                    (abs)        000FA6
_EECON2                        (abs)        000FA7
_EEDATA                        (abs)        000FA8
_GIE                           (abs)        007F97
_GO                            (abs)        007E11
_GODONE                        (abs)        007E11
_PEN                           (abs)        007E2A
_PIR2bits                      (abs)        000FA1
_PORTB                         (abs)        000F81
_PORTBbits                     (abs)        000F81
_PORTD                         (abs)        000F83
_PSA                           (abs)        007EAB
_RBPU                          (abs)        007F8F
_RC0                           (abs)        007C10
_RC1                           (abs)        007C11
_RC2                           (abs)        007C12
_RCEN                          (abs)        007E2B
_RCIE                          (abs)        007CED
_RCIF                          (abs)        007CF5
_RCREG                         (abs)        000FAE
_RD7                           (abs)        007C1F
_RSEN                          (abs)        007E29
_RX9                           (abs)        007D5E
_SEN                           (abs)        007E28
_SENDB                         (abs)        007D63
_SMP                           (abs)        007E3F
_SPBRG                         (abs)        000FAF
_SPEN                          (abs)        007D5F
_SSPADD                        (abs)        000FC8
_SSPBUF                        (abs)        000FC9
_SSPCON1                       (abs)        000FC6
_SSPIF                         (abs)        007CF3
_SYNC                          (abs)        007D64
_T08BIT                        (abs)        007EAE
_T0CS                          (abs)        007EAD
_TMR0                          (abs)        000FD6
_TMR0IE                        (abs)        007F95
_TMR0IF                        (abs)        007F92
_TMR0ON                        (abs)        007EAF
_TRISB                         (abs)        000F93
_TRISC                         (abs)        000F94
_TRISC3                        (abs)        007CA3
_TRISC4                        (abs)        007CA4
_TRISC6                        (abs)        007CA6
_TRISC7                        (abs)        007CA7
_TRISD                         (abs)        000F95
_TRISD7                        (abs)        007CAF
_TX9                           (abs)        007D66
_TXEN                          (abs)        007D65
_TXIE                          (abs)        007CEC
_TXIF                          (abs)        007CF4
_TXREG                         (abs)        000FAD
_VCFG0                         (abs)        007E0C
_VCFG1                         (abs)        007E0D
_WUE                           (abs)        007DC1
__HRAM                         (abs)        000000
__H__absolute__                __absolute__ 000000
__Habs1                        abs1         000000
__Hbank0                       bank0        000000
__Hbank1                       bank1        000000
__Hbank2                       bank2        000000
__Hbank3                       bank3        000000
__Hbank4                       bank4        000000
__Hbank5                       bank5        000000
__Hbigbss                      bigbss       000000
__Hbigdata                     bigdata      000000
__Hbigram                      bigram       000000
__Hbigsfr                      bigsfr       000000
__Hbss                         bss          000000
__HbssBANK0                    bssBANK0     000000
__HbssCOMRAM                   bssCOMRAM    000000
__Hcinit                       cinit        000000
__Hclrtext                     clrtext      000000
__Hcomram                      comram       000000
__Hconfig                      config       30000E
__Hconst                       const        000000
__HcstackCOMRAM                cstackCOMRAM 000000
__Hdata                        data         000000
__HdataBANK0                   dataBANK0    000000
__HdataBANK1                   dataBANK1    000000
__HdataCOMRAM                  dataCOMRAM   000000
__Heeprom_data                 eeprom_data  000000
__Hfarbss                      farbss       000000
__Hfardata                     fardata      000000
__Hheap                        heap         000000
__Hibigdata                    ibigdata     000000
__Hidata                       idata        000000
__HidataBANK0                  idataBANK0   000000
__HidataBANK1                  idataBANK1   000000
__HidataCOMRAM                 idataCOMRAM  000000
__Hidloc                       idloc        200008
__Hifardata                    ifardata     000000
__Hinit                        init         000012
__Hintcode                     intcode      00000E
__Hintcode_body                intcode_body 000000
__Hintcodelo                   intcodelo    00000E
__Hintentry                    intentry     000000
__Hintret                      intret       000000
__Hintsave_regs                intsave_regs 000000
__Hirdata                      irdata       000000
__Hmediumconst                 mediumconst  003000
__HnvFARRAM                    nvFARRAM     000000
__Hnvbit                       nvbit        000000
__Hnvrram                      nvrram       000000
__Hparam                       rparam       000000
__Hpowerup                     powerup      00000E
__Hram                         ram          000000
__Hramtop                      ramtop       000600
__Hrbit                        rbit         000000
__Hrbss                        rbss         000000
__Hrdata                       rdata        000000
__Hreset_vec                   reset_vec    000004
__Hrparam                      rparam       000000
__Hsfr                         sfr          000000
__Hsmallconst                  smallconst   000000
__Hspace_0                     (abs)        003000
__Hspace_1                     (abs)        000155
__Hspace_2                     (abs)        000000
__Hspace_4                     (abs)        60000E
__Hstack                       stack        000000
__Hstruct                      struct       000000
__Htemp                        temp         000060
__Htext                        text         000000
__Htext0                       text0        000000
__Htext1                       text1        000000
__Htext10                      text10       000000
__Htext11                      text11       000000
__Htext12                      text12       000000
__Htext13                      text13       000000
__Htext14                      text14       000000
__Htext15                      text15       000000
__Htext16                      text16       000000
__Htext17                      text17       000000
__Htext18                      text18       000000
__Htext19                      text19       000000
__Htext2                       text2        000000
__Htext20                      text20       000000
__Htext21                      text21       000000
__Htext22                      text22       000000
__Htext23                      text23       000000
__Htext24                      text24       000000
__Htext25                      text25       000000
__Htext26                      text26       000000
__Htext27                      text27       000000
__Htext28                      text28       000000
__Htext29                      text29       000000
__Htext3                       text3        000000
__Htext30                      text30       000000
__Htext31                      text31       000000
__Htext32                      text32       000000
__Htext33                      text33       000000
__Htext34                      text34       000000
__Htext35                      text35       000000
__Htext36                      text36       000000
__Htext37                      text37       000000
__Htext38                      text38       000000
__Htext39                      text39       000000
__Htext4                       text4        000000
__Htext40                      text40       000000
__Htext41                      text41       000000
__Htext42                      text42       000000
__Htext43                      text43       000000
__Htext44                      text44       000000
__Htext45                      text45       000000
__Htext46                      text46       000000
__Htext47                      text47       000000
__Htext5                       text5        000000
__Htext6                       text6        000000
__Htext7                       text7        000000
__Htext8                       text8        000000
__Htext9                       text9        000000
__LRAM                         (abs)        000001
__L__absolute__                __absolute__ 000000
__Labs1                        abs1         000000
__Lbank0                       bank0        000000
__Lbank1                       bank1        000000
__Lbank2                       bank2        000000
__Lbank3                       bank3        000000
__Lbank4                       bank4        000000
__Lbank5                       bank5        000000
__Lbigbss                      bigbss       000000
__Lbigdata                     bigdata      000000
__Lbigram                      bigram       000000
__Lbigsfr                      bigsfr       000000
__Lbss                         bss          000000
__LbssBANK0                    bssBANK0     000000
__LbssCOMRAM                   bssCOMRAM    000000
__Lcinit                       cinit        000000
__Lclrtext                     clrtext      000000
__Lcomram                      comram       000000
__Lconfig                      config       000000
__Lconst                       const        000000
__LcstackCOMRAM                cstackCOMRAM 000000
__Ldata                        data         000000
__LdataBANK0                   dataBANK0    000000
__LdataBANK1                   dataBANK1    000000
__LdataCOMRAM                  dataCOMRAM   000000
__Leeprom_data                 eeprom_data  000000
__Lfarbss                      farbss       000000
__Lfardata                     fardata      000000
__Lheap                        heap         000000
__Libigdata                    ibigdata     000000
__Lidata                       idata        000000
__LidataBANK0                  idataBANK0   000000
__LidataBANK1                  idataBANK1   000000
__LidataCOMRAM                 idataCOMRAM  000000
__Lidloc                       idloc        000000
__Lifardata                    ifardata     000000
__Linit                        init         00000E
__Lintcode                     intcode      000008
__Lintcode_body                intcode_body 000000
__Lintcodelo                   intcodelo    00000E
__Lintentry                    intentry     000000
__Lintret                      intret       000000
__Lintsave_regs                intsave_regs 000000
__Lirdata                      irdata       000000
__Lmediumconst                 mediumconst  002F4A
__LnvFARRAM                    nvFARRAM     000000
__Lnvbit                       nvbit        000000
__Lnvrram                      nvrram       000000
__Lparam                       rparam       000000
__Lpowerup                     powerup      00000E
__Lram                         ram          000000
__Lramtop                      ramtop       000600
__Lrbit                        rbit         000000
__Lrbss                        rbss         000000
__Lrdata                       rdata        000000
__Lreset_vec                   reset_vec    000000
__Lrparam                      rparam       000000
__Lsfr                         sfr          000000
__Lsmallconst                  smallconst   000000
__Lspace_0                     (abs)        000000
__Lspace_1                     (abs)        000000
__Lspace_2                     (abs)        000000
__Lspace_4                     (abs)        000000
__Lstack                       stack        000000
__Lstruct                      struct       000000
__Ltemp                        temp         00005F
__Ltext                        text         000000
__Ltext0                       text0        000000
__Ltext1                       text1        000000
__Ltext10                      text10       000000
__Ltext11                      text11       000000
__Ltext12                      text12       000000
__Ltext13                      text13       000000
__Ltext14                      text14       000000
__Ltext15                      text15       000000
__Ltext16                      text16       000000
__Ltext17                      text17       000000
__Ltext18                      text18       000000
__Ltext19                      text19       000000
__Ltext2                       text2        000000
__Ltext20                      text20       000000
__Ltext21                      text21       000000
__Ltext22                      text22       000000
__Ltext23                      text23       000000
__Ltext24                      text24       000000
__Ltext25                      text25       000000
__Ltext26                      text26       000000
__Ltext27                      text27       000000
__Ltext28                      text28       000000
__Ltext29                      text29       000000
__Ltext3                       text3        000000
__Ltext30                      text30       000000
__Ltext31                      text31       000000
__Ltext32                      text32       000000
__Ltext33                      text33       000000
__Ltext34                      text34       000000
__Ltext35                      text35       000000
__Ltext36                      text36       000000
__Ltext37                      text37       000000
__Ltext38                      text38       000000
__Ltext39                      text39       000000
__Ltext4                       text4        000000
__Ltext40                      text40       000000
__Ltext41                      text41       000000
__Ltext42                      text42       000000
__Ltext43                      text43       000000
__Ltext44                      text44       000000
__Ltext45                      text45       000000
__Ltext46                      text46       000000
__Ltext47                      text47       000000
__Ltext5                       text5        000000
__Ltext6                       text6        000000
__Ltext7                       text7        000000
__Ltext8                       text8        000000
__Ltext9                       text9        000000
__S0                           (abs)        003000
__S1                           (abs)        000155
__S4                           (abs)        000000
__S5                           (abs)        000000
___awdiv                       text22       0014A0
___awdiv@counter               cstackCOMRAM 000006
___awdiv@dividend              cstackCOMRAM 000002
___awdiv@divisor               cstackCOMRAM 000004
___awdiv@quotient              cstackCOMRAM 000008
___awdiv@sign                  cstackCOMRAM 000007
___awmod                       text21       001564
___awmod@counter               cstackCOMRAM 000006
___awmod@dividend              cstackCOMRAM 000002
___awmod@divisor               cstackCOMRAM 000004
___awmod@sign                  cstackCOMRAM 000007
___fldiv                       text43       000012
___fldiv@a                     cstackCOMRAM 00001A
___fldiv@aexp                  cstackCOMRAM 00002E
___fldiv@b                     cstackCOMRAM 000016
___fldiv@bexp                  cstackCOMRAM 00002D
___fldiv@grs                   cstackCOMRAM 000029
___fldiv@new_exp               cstackCOMRAM 000027
___fldiv@rem                   cstackCOMRAM 000022
___fldiv@sign                  cstackCOMRAM 000026
___fltol                       text42       0012BC
___fltol@exp1                  cstackCOMRAM 000038
___fltol@f1                    cstackCOMRAM 00002F
___fltol@sign1                 cstackCOMRAM 000037
___heap_hi                     (abs)        000000
___heap_lo                     (abs)        000000
___inthi_sp                    stack        000000
___inthi_stack_hi              stack        000000
___inthi_stack_lo              stack        000000
___intlo_sp                    stack        000000
___intlo_stack_hi              stack        000000
___intlo_stack_lo              stack        000000
___lwdiv                       text41       0018CC
___lwdiv@counter               cstackCOMRAM 000007
___lwdiv@dividend              cstackCOMRAM 000001
___lwdiv@divisor               cstackCOMRAM 000003
___lwdiv@quotient              cstackCOMRAM 000005
___lwmod                       text40       0019AC
___lwmod@counter               cstackCOMRAM 00000C
___lwmod@dividend              cstackCOMRAM 000008
___lwmod@divisor               cstackCOMRAM 00000A
___param_bank                  (abs)        000000
___rparam_used                 (abs)        000001
___sp                          stack        000000
___stack_hi                    stack        000000
___stack_lo                    stack        000000
___xxtofl                      text39       000B76
___xxtofl@arg                  cstackCOMRAM 000012
___xxtofl@exp                  cstackCOMRAM 000011
___xxtofl@sign                 cstackCOMRAM 000010
___xxtofl@val                  cstackCOMRAM 000008
__accesstop                    (abs)        000060
__activetblptr                 (abs)        000002
__end_of___awdiv               text22       001564
__end_of___awmod               text21       001614
__end_of___fldiv               text43       0003AC
__end_of___fltol               text42       0013C2
__end_of___lwdiv               text41       001940
__end_of___lwmod               text40       001A10
__end_of___xxtofl              text39       000D2A
__end_of__initialization       cinit        0017C4
__end_of_blink                 text16       0016B6
__end_of_change_password       text45       001DB8
__end_of_clcd_print            text46       0019AC
__end_of_clcd_putch            text26       001DEA
__end_of_clcd_write            text47       001C6C
__end_of_clear_log             text44       001D9C
__end_of_display_dashboard     text27       0014A0
__end_of_display_menu          text23       00094C
__end_of_download_log          text17       000B76
__end_of_enter_password        text13       0006E4
__end_of_get_time              text29       001856
__end_of_i2c_idle              text37       001E4C
__end_of_i2c_no_ack            text38       001E8A
__end_of_i2c_read              text35       001E64
__end_of_i2c_rep_start         text34       001E7C
__end_of_i2c_rx_mode           text36       001E84
__end_of_i2c_start             text33       001E74
__end_of_i2c_stop              text32       001E6C
__end_of_i2c_write             text31       001E58
__end_of_init_adc              text12       001D46
__end_of_init_clcd             text11       001CA2
__end_of_init_config           text5        001DD2
__end_of_init_ds1307           text9        001B6A
__end_of_init_i2c              text8        001E00
__end_of_init_matrix_keypad    text7        001E28
__end_of_init_uart             text6        001CFC
__end_of_isr                   intcode_body 001BF6
__end_of_main                  text0        000ECE
__end_of_printlog              text2        00106C
__end_of_putch                 text20       001E16
__end_of_puts                  text19       001ACC
__end_of_read_adc              text28       001BB0
__end_of_read_ds1307           text30       001D26
__end_of_read_internal_eeprom  text18       001E3A
__end_of_read_switches         text24       0018CC
__end_of_scan_key              text25       0012BC
__end_of_set_time              text4        001D80
__end_of_store_event           text3        00174C
__end_of_strcmp                text15       001A6E
__end_of_view_log              text1        0011B4
__end_of_write_ds1307          text10       001D64
__end_of_write_internal_eeprom text14       001CD2
__initialization               cinit        00174C
__mediumconst                  mediumconst  002F4A
__pbssBANK0                    bssBANK0     00009B
__pbssCOMRAM                   bssCOMRAM    00003F
__pcinit                       cinit        00174C
__pcstackCOMRAM                cstackCOMRAM 000001
__pdataBANK0                   dataBANK0    000060
__pdataBANK1                   dataBANK1    000100
__pdataCOMRAM                  dataCOMRAM   00005A
__pidataBANK0                  idataBANK0   001BF6
__pidataBANK1                  idataBANK1   001ACC
__pidataCOMRAM                 idataCOMRAM  001E8A
__pintcode                     intcode      000008
__pintcode_body                intcode_body 001BB0
__pmediumconst                 mediumconst  002F4A
__ptext0                       text0        000D2A
__ptext1                       text1        00106C
__ptext10                      text10       001D46
__ptext11                      text11       001C6C
__ptext12                      text12       001D26
__ptext13                      text13       0003AC
__ptext14                      text14       001CA2
__ptext15                      text15       001A10
__ptext16                      text16       001614
__ptext17                      text17       00094C
__ptext18                      text18       001E28
__ptext19                      text19       001A6E
__ptext2                       text2        000ECE
__ptext20                      text20       001E00
__ptext21                      text21       001564
__ptext22                      text22       0014A0
__ptext23                      text23       0006E4
__ptext24                      text24       001856
__ptext25                      text25       0011B4
__ptext26                      text26       001DD2
__ptext27                      text27       0013C2
__ptext28                      text28       001B6A
__ptext29                      text29       0017D2
__ptext3                       text3        0016B6
__ptext30                      text30       001CFC
__ptext31                      text31       001E4C
__ptext32                      text32       001E64
__ptext33                      text33       001E6C
__ptext34                      text34       001E74
__ptext35                      text35       001E58
__ptext36                      text36       001E7C
__ptext37                      text37       001E3A
__ptext38                      text38       001E84
__ptext39                      text39       000B76
__ptext4                       text4        001D64
__ptext40                      text40       0019AC
__ptext41                      text41       0018CC
__ptext42                      text42       0012BC
__ptext43                      text43       000012
__ptext44                      text44       001D80
__ptext45                      text45       001D9C
__ptext46                      text46       001940
__ptext47                      text47       001C32
__ptext5                       text5        001DB8
__ptext6                       text6        001CD2
__ptext7                       text7        001E16
__ptext8                       text8        001DEA
__ptext9                       text9        001B22
__ramtop                       ramtop       000600
__smallconst                   smallconst   000000
_blink                         text16       001614
_change_password               text45       001D9C
_clcd_print                    text46       001940
_clcd_putch                    text26       001DD2
_clcd_write                    text47       001C32
_clear_log                     text44       001D80
_clock_reg                     bssCOMRAM    00003F
_display_dashboard             text27       0013C2
_display_menu                  text23       0006E4
_download_log                  text17       00094C
_enter_password                text13       0003AC
_event                         dataBANK0    000083
_get_time                      text29       0017D2
_i2c_idle                      text37       001E3A
_i2c_no_ack                    text38       001E84
_i2c_read                      text35       001E58
_i2c_rep_start                 text34       001E74
_i2c_rx_mode                   text36       001E7C
_i2c_start                     text33       001E6C
_i2c_stop                      text32       001E64
_i2c_write                     text31       001E4C
_index                         bssCOMRAM    00004E
_init_adc                      text12       001D26
_init_clcd                     text11       001C6C
_init_config                   text5        001DB8
_init_ds1307                   text9        001B22
_init_i2c                      text8        001DEA
_init_matrix_keypad            text7        001E16
_init_uart                     text6        001CD2
_isr                           intcode      000008
_lap                           bssCOMRAM    00004C
_m_index                       bssCOMRAM    000056
_main                          text0        000D2A
_menu                          dataBANK1    000100
_menu_clear                    dataCOMRAM   00005C
_overflow_flag                 bssCOMRAM    000058
_printlog                      text2        000ECE
_putch                         text20       001E00
_puts                          text19       001A6E
_read_adc                      text28       001B6A
_read_ds1307                   text30       001CFC
_read_internal_eeprom          text18       001E28
_read_switches                 text24       001856
_reset_flag                    dataCOMRAM   00005A
_scan_key                      text25       0011B4
_screen_flag                   dataCOMRAM   00005E
_set_time                      text4        001D64
_speed                         bssBANK0     0000B2
_star                          bssCOMRAM    000057
_store_event                   text3        0016B6
_strcmp                        text15       001A10
_time                          bssBANK0     00009F
_view_log                      text1        00106C
_write_ds1307                  text10       001D46
_write_internal_eeprom         text14       001CA2
blink@i                        bssBANK0     00009B
blink@pin                      cstackCOMRAM 000013
btemp                          temp         00005F
clcd_print@addr                cstackCOMRAM 000005
clcd_print@data                cstackCOMRAM 000003
clcd_putch@addr                cstackCOMRAM 00000D
clcd_putch@data                cstackCOMRAM 00000E
clcd_write@byte                cstackCOMRAM 000002
clcd_write@control_bit         cstackCOMRAM 000001
display_dashboard@spd          cstackCOMRAM 00003A
display_menu@backup            bssCOMRAM    000046
display_menu@key2              cstackCOMRAM 00000F
display_menu@wait              bssCOMRAM    000048
download_log@F10733            dataBANK0    000060
download_log@data              cstackCOMRAM 00000D
download_log@i                 bssCOMRAM    000051
download_log@k                 cstackCOMRAM 000021
download_log@lap_check         bssCOMRAM    000052
download_log@no_433            cstackCOMRAM 00001F
end_of_initialization          cinit        0017C4
enter_password@delay           cstackCOMRAM 00001A
enter_password@i               cstackCOMRAM 000020
enter_password@j               cstackCOMRAM 00001E
enter_password@k               cstackCOMRAM 000014
enter_password@k_407           cstackCOMRAM 000016
enter_password@key             cstackCOMRAM 00001C
enter_password@my_pass         bssBANK0     0000AD
enter_password@no_of_attempts  cstackCOMRAM 00001D
enter_password@pin             cstackCOMRAM 000021
enter_password@sec             cstackCOMRAM 000018
enter_password@user_pass       bssBANK0     0000A8
i2c_write@data                 cstackCOMRAM 000001
init_ds1307@dummy              cstackCOMRAM 000004
int$flags                      temp         00005F
int_func                       intcode_body 001BB0
intlevel0                      text         000000
intlevel1                      text         000000
intlevel2                      text         000000
intlevel3                      text         000000
isa$std                        (abs)        000001
isa$xinst                      (abs)        000000
isr@count                      bssCOMRAM    00004A
main@key                       cstackCOMRAM 00003E
printlog@F10721                dataBANK0    000072
printlog@data                  cstackCOMRAM 00000C
printlog@i                     cstackCOMRAM 00001D
printlog@no                    cstackCOMRAM 00000A
putch@byte                     cstackCOMRAM 000001
puts@s                         cstackCOMRAM 000002
read_adc@channel               cstackCOMRAM 000007
read_adc@reg_val               cstackCOMRAM 000005
read_ds1307@address            cstackCOMRAM 000002
read_ds1307@data               cstackCOMRAM 000003
read_internal_eeprom@address   cstackCOMRAM 000001
read_switches@detection_type   cstackCOMRAM 000001
read_switches@key              bssCOMRAM    000059
read_switches@once             dataCOMRAM   00005D
stackhi                        (abs)        000000
stacklo                        (abs)        000000
start                          init         00000E
start_initialization           cinit        00174C
store_event@j                  cstackCOMRAM 000008
store_event@vlog               cstackCOMRAM 000003
strcmp@l                       cstackCOMRAM 000001
strcmp@r                       cstackCOMRAM 000002
ttemp5                         temp         000060
ttemp6                         temp         000063
ttemp7                         temp         000067
view_log@hcount                bssCOMRAM    000042
view_log@i                     bssCOMRAM    000054
view_log@kcount                bssCOMRAM    000044
view_log@key                   cstackCOMRAM 00001E
view_log@lap_check             bssCOMRAM    000055
view_log@no                    bssCOMRAM    000053
write_ds1307@address           cstackCOMRAM 000003
write_ds1307@data              cstackCOMRAM 000002
write_internal_eeprom@address  cstackCOMRAM 000002
write_internal_eeprom@data     cstackCOMRAM 000001
wtemp8                         temp         000060


MODULE INFORMATION

Module		Function		Class		Link	Load	Size
matrix_keypad.c
		_init_matrix_keypad		CODE           	1E16	0000	18
		_read_switches 		CODE           	1856	0000	118
		_scan_key      		CODE           	11B4	0000	264

matrix_keypad.c estimated size: 400

uart.c
		_putch         		CODE           	1E00	0000	22
		_init_uart     		CODE           	1CD2	0000	42
		_puts          		CODE           	1A6E	0000	94

uart.c estimated size: 158

i2c.c
		_i2c_start     		CODE           	1E6C	0000	8
		_i2c_no_ack    		CODE           	1E84	0000	6
		_i2c_rep_start 		CODE           	1E74	0000	8
		_i2c_idle      		CODE           	1E3A	0000	18
		_i2c_write     		CODE           	1E4C	0000	12
		_i2c_stop      		CODE           	1E64	0000	8
		_i2c_read      		CODE           	1E58	0000	12
		_init_i2c      		CODE           	1DEA	0000	22
		_i2c_rx_mode   		CODE           	1E7C	0000	8

i2c.c estimated size: 102

ds1307.c
		_read_ds1307   		CODE           	1CFC	0000	42
		_write_ds1307  		CODE           	1D46	0000	30
		_init_ds1307   		CODE           	1B22	0000	72

ds1307.c estimated size: 144

eeprom.c
		_read_internal_eeprom		CODE           	1E28	0000	18
		_write_internal_eeprom		CODE           	1CA2	0000	48

eeprom.c estimated size: 66

adc.c
		_init_adc      		CODE           	1D26	0000	32
		_read_adc      		CODE           	1B6A	0000	70

adc.c estimated size: 102

C:\Program Files\Microchip\xc8\v2.45\pic\sources\c99\common\sprcdiv.c
		___fldiv       		CODE           	0012	0000	922

C:\Program Files\Microchip\xc8\v2.45\pic\sources\c99\common\sprcdiv.c estimated size: 922

C:\Program Files\Microchip\xc8\v2.45\pic\sources\c99\common\lwmod.c
		___lwmod       		CODE           	19AC	0000	100

C:\Program Files\Microchip\xc8\v2.45\pic\sources\c99\common\lwmod.c estimated size: 100

C:\Program Files\Microchip\xc8\v2.45\pic\sources\c99\common\awmod.c
		___awmod       		CODE           	1564	0000	176

C:\Program Files\Microchip\xc8\v2.45\pic\sources\c99\common\awmod.c estimated size: 176

isr.c
		_isr           		CODE           	0008	0000	76

isr.c estimated size: 76

cbb.c
		_view_log      		CODE           	106C	0000	328
		_printlog      		CODE           	0ECE	0000	414
		_display_menu  		CODE           	06E4	0000	616
		_change_password		CODE           	1D9C	0000	28
		_display_dashboard		CODE           	13C2	0000	222
		_get_time      		CODE           	17D2	0000	132
		_download_log  		CODE           	094C	0000	554
		_set_time      		CODE           	1D64	0000	28
		_clear_log     		CODE           	1D80	0000	28
		_enter_password		CODE           	03AC	0000	824
		_blink         		CODE           	1614	0000	162
		_store_event   		CODE           	16B6	0000	150

cbb.c estimated size: 3486

shared
		__initialization		CODE           	174C	0000	120

shared estimated size: 120

C:\Program Files\Microchip\xc8\v2.45\pic\sources\c99\common\xxtofl.c
		___xxtofl      		CODE           	0B76	0000	436

C:\Program Files\Microchip\xc8\v2.45\pic\sources\c99\common\xxtofl.c estimated size: 436

clcd.c
		_clcd_write    		CODE           	1C32	0000	58
		_clcd_print    		CODE           	1940	0000	108
		_clcd_putch    		CODE           	1DD2	0000	24
		_init_clcd     		CODE           	1C6C	0000	54

clcd.c estimated size: 244

C:\Program Files\Microchip\xc8\v2.45\pic\sources\c99\common\strcmp.c
		_strcmp        		CODE           	1A10	0000	94

C:\Program Files\Microchip\xc8\v2.45\pic\sources\c99\common\strcmp.c estimated size: 94

main.c
		_main          		CODE           	0D2A	0000	420
		_init_config   		CODE           	1DB8	0000	26

main.c estimated size: 446

C:\Program Files\Microchip\xc8\v2.45\pic\sources\c99\common\lwdiv.c
		___lwdiv       		CODE           	18CC	0000	116

C:\Program Files\Microchip\xc8\v2.45\pic\sources\c99\common\lwdiv.c estimated size: 116

C:\Program Files\Microchip\xc8\v2.45\pic\sources\c99\common\awdiv.c
		___awdiv       		CODE           	14A0	0000	196

C:\Program Files\Microchip\xc8\v2.45\pic\sources\c99\common\awdiv.c estimated size: 196

C:\Program Files\Microchip\xc8\v2.45\pic\sources\c99\common\fltol.c
		___fltol       		CODE           	12BC	0000	262

C:\Program Files\Microchip\xc8\v2.45\pic\sources\c99\common\fltol.c estimated size: 262

